// Jest Snapshot v1, https://goo.gl/fbAQLP

exports[`AppButton renders correctly 1`] = `
<View
  style={
    Array [
      Object {},
      Object {
        "marginBottom": 10,
        "marginHorizontal": 10,
      },
    ]
  }
>
  <View
    accessible={true}
    focusable={false}
    onClick={[Function]}
    onResponderGrant={[Function]}
    onResponderMove={[Function]}
    onResponderRelease={[Function]}
    onResponderTerminate={[Function]}
    onResponderTerminationRequest={[Function]}
    onStartShouldSetResponder={[Function]}
    style={
      Object {
        "alignItems": "center",
        "backgroundColor": "tomato",
        "borderRadius": 25,
        "height": 50,
        "justifyContent": "center",
      }
    }
  >
    <Text
      style={
        Array [
          Object {
            "color": "#000",
            "fontFamily": "Courier",
            "fontSize": 13,
          },
          Object {
            "color": "#fff",
            "fontSize": 18,
            "fontWeight": "bold",
            "textTransform": "uppercase",
          },
        ]
      }
    >
      Click
    </Text>
  </View>
</View>
`;
