// Jest Snapshot v1, https://goo.gl/fbAQLP

exports[`AppIcon renders correctly 1`] = `<Text />`;
