// Jest Snapshot v1, https://goo.gl/fbAQLP

exports[`AppPicker renders correctly 1`] = `
Array [
  <View
    accessible={true}
    focusable={true}
    onClick={[Function]}
    onResponderGrant={[Function]}
    onResponderMove={[Function]}
    onResponderRelease={[Function]}
    onResponderTerminate={[Function]}
    onResponderTerminationRequest={[Function]}
    onStartShouldSetResponder={[Function]}
    style={
      Array [
        undefined,
        Object {
          "alignItems": "center",
          "backgroundColor": "#f9f2f2",
          "borderRadius": 25,
          "flexDirection": "row",
          "height": 50,
          "justifyContent": "space-between",
          "overflow": "hidden",
          "padding": 10,
        },
      ]
    }
  >
    <Text
      style={
        Array [
          Object {
            "color": "#000",
            "fontFamily": "Courier",
            "fontSize": 13,
          },
          Array [
            Object {
              "flex": 1,
              "fontSize": 18,
            },
            Object {
              "color": "#C0C0C0",
            },
          ],
        ]
      }
    >
      Category
    </Text>
    <Text />
  </View>,
  <Modal
    animationType="slide"
    hardwareAccelerated={false}
    onRequestClose={[Function]}
    visible={false}
  >
    <RCTScrollView
      ItemSeparatorComponent={[Function]}
      data={
        Array [
          Object {
            "iconBackgroundColor": "tomato",
            "iconName": "lamp",
            "label": "Furniture",
            "value": 1,
          },
          Object {
            "iconBackgroundColor": "orange",
            "iconName": "car",
            "label": "Cars",
            "value": 2,
          },
          Object {
            "iconBackgroundColor": "gold",
            "iconName": "camera",
            "label": "Cameras",
            "value": 3,
          },
          Object {
            "iconBackgroundColor": "limegreen",
            "iconName": "cards-playing-outline",
            "label": "Games",
            "value": 4,
          },
          Object {
            "iconBackgroundColor": "mediumturquoise",
            "iconName": "shoe-heel",
            "label": "Clothing",
            "value": 5,
          },
          Object {
            "iconBackgroundColor": "cornflowerblue",
            "iconName": "basketball",
            "label": "Sports",
            "value": 6,
          },
          Object {
            "iconBackgroundColor": "royalblue",
            "iconName": "headphones",
            "label": "Movies & Music",
            "value": 7,
          },
          Object {
            "iconBackgroundColor": "mediumorchid",
            "iconName": "book-open-variant",
            "label": "Books",
            "value": 8,
          },
          Object {
            "iconBackgroundColor": "lightslategrey",
            "iconName": "application",
            "label": "Other",
            "value": 9,
          },
        ]
      }
      disableVirtualization={false}
      getItem={[Function]}
      getItemCount={[Function]}
      horizontal={false}
      initialNumToRender={10}
      keyExtractor={[Function]}
      maxToRenderPerBatch={10}
      onContentSizeChange={[Function]}
      onEndReachedThreshold={2}
      onLayout={[Function]}
      onMomentumScrollEnd={[Function]}
      onScroll={[Function]}
      onScrollBeginDrag={[Function]}
      onScrollEndDrag={[Function]}
      removeClippedSubviews={false}
      renderItem={[Function]}
      scrollEventThrottle={50}
      stickyHeaderIndices={Array []}
      updateCellsBatchingPeriod={50}
      viewabilityConfigCallbackPairs={Array []}
      windowSize={21}
    >
      <View>
        <View
          onLayout={[Function]}
          style={null}
        >
          <View
            style={
              Object {
                "flexDirection": "row",
              }
            }
          >
            <View
              accessible={true}
              focusable={true}
              onClick={[Function]}
              onResponderGrant={[Function]}
              onResponderMove={[Function]}
              onResponderRelease={[Function]}
              onResponderTerminate={[Function]}
              onResponderTerminationRequest={[Function]}
              onStartShouldSetResponder={[Function]}
              style={
                Object {
                  "opacity": 1,
                }
              }
            >
              <Text
                style={
                  Array [
                    Object {
                      "color": "#000",
                      "fontFamily": "Courier",
                      "fontSize": 13,
                    },
                    Array [
                      Object {
                        "fontSize": 18,
                        "lineHeight": 50,
                        "paddingHorizontal": 20,
                      },
                      false,
                    ],
                  ]
                }
              >
                Furniture
              </Text>
            </View>
            <View
              accessible={true}
              focusable={true}
              onClick={[Function]}
              onResponderGrant={[Function]}
              onResponderMove={[Function]}
              onResponderRelease={[Function]}
              onResponderTerminate={[Function]}
              onResponderTerminationRequest={[Function]}
              onStartShouldSetResponder={[Function]}
              style={
                Object {
                  "opacity": 1,
                }
              }
            >
              <Text
                style={
                  Array [
                    Object {
                      "color": "#000",
                      "fontFamily": "Courier",
                      "fontSize": 13,
                    },
                    Array [
                      Object {
                        "fontSize": 18,
                        "lineHeight": 50,
                        "paddingHorizontal": 20,
                      },
                      false,
                    ],
                  ]
                }
              >
                Cars
              </Text>
            </View>
            <View
              accessible={true}
              focusable={true}
              onClick={[Function]}
              onResponderGrant={[Function]}
              onResponderMove={[Function]}
              onResponderRelease={[Function]}
              onResponderTerminate={[Function]}
              onResponderTerminationRequest={[Function]}
              onStartShouldSetResponder={[Function]}
              style={
                Object {
                  "opacity": 1,
                }
              }
            >
              <Text
                style={
                  Array [
                    Object {
                      "color": "#000",
                      "fontFamily": "Courier",
                      "fontSize": 13,
                    },
                    Array [
                      Object {
                        "fontSize": 18,
                        "lineHeight": 50,
                        "paddingHorizontal": 20,
                      },
                      false,
                    ],
                  ]
                }
              >
                Cameras
              </Text>
            </View>
          </View>
        </View>
        <View
          onLayout={[Function]}
          style={null}
        >
          <View
            style={
              Object {
                "flexDirection": "row",
              }
            }
          >
            <View
              accessible={true}
              focusable={true}
              onClick={[Function]}
              onResponderGrant={[Function]}
              onResponderMove={[Function]}
              onResponderRelease={[Function]}
              onResponderTerminate={[Function]}
              onResponderTerminationRequest={[Function]}
              onStartShouldSetResponder={[Function]}
              style={
                Object {
                  "opacity": 1,
                }
              }
            >
              <Text
                style={
                  Array [
                    Object {
                      "color": "#000",
                      "fontFamily": "Courier",
                      "fontSize": 13,
                    },
                    Array [
                      Object {
                        "fontSize": 18,
                        "lineHeight": 50,
                        "paddingHorizontal": 20,
                      },
                      false,
                    ],
                  ]
                }
              >
                Games
              </Text>
            </View>
            <View
              accessible={true}
              focusable={true}
              onClick={[Function]}
              onResponderGrant={[Function]}
              onResponderMove={[Function]}
              onResponderRelease={[Function]}
              onResponderTerminate={[Function]}
              onResponderTerminationRequest={[Function]}
              onStartShouldSetResponder={[Function]}
              style={
                Object {
                  "opacity": 1,
                }
              }
            >
              <Text
                style={
                  Array [
                    Object {
                      "color": "#000",
                      "fontFamily": "Courier",
                      "fontSize": 13,
                    },
                    Array [
                      Object {
                        "fontSize": 18,
                        "lineHeight": 50,
                        "paddingHorizontal": 20,
                      },
                      false,
                    ],
                  ]
                }
              >
                Clothing
              </Text>
            </View>
            <View
              accessible={true}
              focusable={true}
              onClick={[Function]}
              onResponderGrant={[Function]}
              onResponderMove={[Function]}
              onResponderRelease={[Function]}
              onResponderTerminate={[Function]}
              onResponderTerminationRequest={[Function]}
              onStartShouldSetResponder={[Function]}
              style={
                Object {
                  "opacity": 1,
                }
              }
            >
              <Text
                style={
                  Array [
                    Object {
                      "color": "#000",
                      "fontFamily": "Courier",
                      "fontSize": 13,
                    },
                    Array [
                      Object {
                        "fontSize": 18,
                        "lineHeight": 50,
                        "paddingHorizontal": 20,
                      },
                      false,
                    ],
                  ]
                }
              >
                Sports
              </Text>
            </View>
          </View>
        </View>
        <View
          onLayout={[Function]}
          style={null}
        >
          <View
            style={
              Object {
                "flexDirection": "row",
              }
            }
          >
            <View
              accessible={true}
              focusable={true}
              onClick={[Function]}
              onResponderGrant={[Function]}
              onResponderMove={[Function]}
              onResponderRelease={[Function]}
              onResponderTerminate={[Function]}
              onResponderTerminationRequest={[Function]}
              onStartShouldSetResponder={[Function]}
              style={
                Object {
                  "opacity": 1,
                }
              }
            >
              <Text
                style={
                  Array [
                    Object {
                      "color": "#000",
                      "fontFamily": "Courier",
                      "fontSize": 13,
                    },
                    Array [
                      Object {
                        "fontSize": 18,
                        "lineHeight": 50,
                        "paddingHorizontal": 20,
                      },
                      false,
                    ],
                  ]
                }
              >
                Movies & Music
              </Text>
            </View>
            <View
              accessible={true}
              focusable={true}
              onClick={[Function]}
              onResponderGrant={[Function]}
              onResponderMove={[Function]}
              onResponderRelease={[Function]}
              onResponderTerminate={[Function]}
              onResponderTerminationRequest={[Function]}
              onStartShouldSetResponder={[Function]}
              style={
                Object {
                  "opacity": 1,
                }
              }
            >
              <Text
                style={
                  Array [
                    Object {
                      "color": "#000",
                      "fontFamily": "Courier",
                      "fontSize": 13,
                    },
                    Array [
                      Object {
                        "fontSize": 18,
                        "lineHeight": 50,
                        "paddingHorizontal": 20,
                      },
                      false,
                    ],
                  ]
                }
              >
                Books
              </Text>
            </View>
            <View
              accessible={true}
              focusable={true}
              onClick={[Function]}
              onResponderGrant={[Function]}
              onResponderMove={[Function]}
              onResponderRelease={[Function]}
              onResponderTerminate={[Function]}
              onResponderTerminationRequest={[Function]}
              onStartShouldSetResponder={[Function]}
              style={
                Object {
                  "opacity": 1,
                }
              }
            >
              <Text
                style={
                  Array [
                    Object {
                      "color": "#000",
                      "fontFamily": "Courier",
                      "fontSize": 13,
                    },
                    Array [
                      Object {
                        "fontSize": 18,
                        "lineHeight": 50,
                        "paddingHorizontal": 20,
                      },
                      false,
                    ],
                  ]
                }
              >
                Other
              </Text>
            </View>
          </View>
        </View>
      </View>
    </RCTScrollView>
    <View
      style={
        Array [
          Object {},
          Object {
            "margin": 10,
          },
        ]
      }
    >
      <View
        accessible={true}
        focusable={true}
        onClick={[Function]}
        onResponderGrant={[Function]}
        onResponderMove={[Function]}
        onResponderRelease={[Function]}
        onResponderTerminate={[Function]}
        onResponderTerminationRequest={[Function]}
        onStartShouldSetResponder={[Function]}
        style={
          Object {
            "alignItems": "center",
            "backgroundColor": "tomato",
            "borderRadius": 25,
            "height": 50,
            "justifyContent": "center",
          }
        }
      >
        <Text
          style={
            Array [
              Object {
                "color": "#000",
                "fontFamily": "Courier",
                "fontSize": 13,
              },
              Object {
                "color": "#fff",
                "fontSize": 18,
                "fontWeight": "bold",
                "textTransform": "uppercase",
              },
            ]
          }
        >
          close
        </Text>
      </View>
    </View>
  </Modal>,
]
`;
