// Jest Snapshot v1, https://goo.gl/fbAQLP

exports[`AppSafeAreaView renders correctly 1`] = `
<RCTSafeAreaView
  emulateUnlessSupported={true}
  style={
    Array [
      Object {
        "backgroundColor": "red",
      },
      Object {
        "flex": 1,
        "paddingTop": 20,
      },
    ]
  }
/>
`;
