// Jest Snapshot v1, https://goo.gl/fbAQLP

exports[`ViewImageScreen renders correctly 1`] = `
<RCTSafeAreaView
  emulateUnlessSupported={true}
  style={
    Array [
      Object {
        "backgroundColor": "#000",
      },
      Object {
        "flex": 1,
        "paddingTop": 20,
      },
    ]
  }
>
  <View
    style={
      Object {
        "flex": 1,
        "flexDirection": "row",
        "justifyContent": "space-between",
        "paddingHorizontal": 30,
      }
    }
  >
    <Text />
    <Text />
  </View>
  <Image
    resizeMode="contain"
    source={1}
    style={
      Object {
        "height": "100%",
        "width": "100%",
      }
    }
  />
</RCTSafeAreaView>
`;
